// Jest Snapshot v1, https://goo.gl/fbAQLP

exports[`footer rendering should match with snapshot 1`] = `
<div
  className="___1kq0q45_0000000 f1euv43f f1s0s64g f1yab3r1 f1809wu7 f81rol6 f1fow5ox frdkuqy f5ogflp fzkkow9 fxs82t0"
>
  <div
    className="___1nh4tgk_0000000 f6ogs8q f19lj068"
  >
    <img
      alt="github icon"
      height="32px"
      src="https://github.githubassets.com/images/modules/logos_page/GitHub-Mark.png"
      width="32px"
    />
  </div>
  <span
    className="___1opxvxh_0000000 f1bc2y4q"
  >
    Easy QR Code Barcode is open source now! 
  </span>
  <button
    className="fui-Link ___xrvnvs0_qgv3400 f2hkw1w f3rmtva f1ewtqcl fyind8e f1k6fduh f1w7gpdv fk6fouc fkhj508 figsok6 f1hu3pq6 f11qmguv f19f4twv f1tyq0we f1g0x7ka fhxju0i f1qch9an f1cnd47f fqv5qza f1vmzxwi f1o700av f1iuv45f f1cmlufx f9n3di6 f1ids18y f1tx3yz7 f1deo86v f1eh06m1 f1iescvh fhgqx19 f1olyrje f1p93eir f1nev41a f1ern45e f1n71otn f1h8hb77 f1deefiw"
    disabled={false}
    onClick={[Function]}
    onKeyDown={[Function]}
    type="button"
  >
    Contribute here
  </button>
</div>
`;
